// Jest Snapshot v1, https://goo.gl/fbAQLP

exports[`Should render Edit Expense page correctly 1`] = `
<div>
  <div
    className="page-header page-header__small"
  >
    <div
      className="content-container"
    >
      <h1
        className="page-header__title"
      >
        Edit Expense
      </h1>
    </div>
  </div>
  <div
    className="content-container"
  >
    <ExpenseForm
      expense={
        Object {
          "amount": 5000,
          "createdAt": 259200000,
          "description": "Coffee",
          "id": "3",
          "note": "Coffee",
        }
      }
      onSubmit={[Function]}
    />
    <button
      className="button__remove"
      onClick={[Function]}
    >
      Remove Expense
    </button>
  </div>
</div>
`;
