// Jest Snapshot v1, https://goo.gl/fbAQLP

exports[`should render Empty messsage with no expenses 1`] = `
<div>
  <h1>
     Expense Lists
  </h1>
  <p>
    No Expenses
  </p>
</div>
`;

exports[`should render expense list with expenses 1`] = `
<div>
  <h1>
     Expense Lists
  </h1>
  <ExportListItem
    amount={10000}
    createdAt={0}
    description="lunch"
    id="1"
    key="1"
    text="pilau"
  />
  <ExportListItem
    amount={100000}
    createdAt={-259200000}
    description="Rent"
    id="2"
    key="2"
    text="March"
  />
  <ExportListItem
    amount={5000}
    createdAt={259200000}
    description="Coffee"
    id="3"
    key="3"
    text="Coffee"
  />
</div>
`;
