// Jest Snapshot v1, https://goo.gl/fbAQLP

exports[`Should render 404 and link to the home page 1`] = `
<div>
  404! - 
  <Link
    to="/"
  >
    Go to Home
  </Link>
</div>
`;
